###############################################################################
#
# IAR ELF Linker V7.80.4.12462/W32 for ARM                31/May/2022  18:02:22
# Copyright 2007-2017 IAR Systems AB.
#
#    Output file  =  
#        C:\GD32-projects\GD32330C-timer16\IAR_project\GD32F330\Exe\Project.out
#    Map file     =  
#        C:\GD32-projects\GD32330C-timer16\IAR_project\GD32F330\List\Project.map
#    Command line =  
#        C:\GD32-projects\GD32330C-timer16\IAR_project\GD32F330\Obj\delay_uSec.o
#        C:\GD32-projects\GD32330C-timer16\IAR_project\GD32F330\Obj\gd32330c-start.o
#        C:\GD32-projects\GD32330C-timer16\IAR_project\GD32F330\Obj\gd32f3x0_adc.o
#        C:\GD32-projects\GD32330C-timer16\IAR_project\GD32F330\Obj\gd32f3x0_cec.o
#        C:\GD32-projects\GD32330C-timer16\IAR_project\GD32F330\Obj\gd32f3x0_cmp.o
#        C:\GD32-projects\GD32330C-timer16\IAR_project\GD32F330\Obj\gd32f3x0_crc.o
#        C:\GD32-projects\GD32330C-timer16\IAR_project\GD32F330\Obj\gd32f3x0_ctc.o
#        C:\GD32-projects\GD32330C-timer16\IAR_project\GD32F330\Obj\gd32f3x0_dac.o
#        C:\GD32-projects\GD32330C-timer16\IAR_project\GD32F330\Obj\gd32f3x0_dbg.o
#        C:\GD32-projects\GD32330C-timer16\IAR_project\GD32F330\Obj\gd32f3x0_dma.o
#        C:\GD32-projects\GD32330C-timer16\IAR_project\GD32F330\Obj\gd32f3x0_exti.o
#        C:\GD32-projects\GD32330C-timer16\IAR_project\GD32F330\Obj\gd32f3x0_fmc.o
#        C:\GD32-projects\GD32330C-timer16\IAR_project\GD32F330\Obj\gd32f3x0_fwdgt.o
#        C:\GD32-projects\GD32330C-timer16\IAR_project\GD32F330\Obj\gd32f3x0_gpio.o
#        C:\GD32-projects\GD32330C-timer16\IAR_project\GD32F330\Obj\gd32f3x0_i2c.o
#        C:\GD32-projects\GD32330C-timer16\IAR_project\GD32F330\Obj\gd32f3x0_it.o
#        C:\GD32-projects\GD32330C-timer16\IAR_project\GD32F330\Obj\gd32f3x0_misc.o
#        C:\GD32-projects\GD32330C-timer16\IAR_project\GD32F330\Obj\gd32f3x0_pmu.o
#        C:\GD32-projects\GD32330C-timer16\IAR_project\GD32F330\Obj\gd32f3x0_rcu.o
#        C:\GD32-projects\GD32330C-timer16\IAR_project\GD32F330\Obj\gd32f3x0_rtc.o
#        C:\GD32-projects\GD32330C-timer16\IAR_project\GD32F330\Obj\gd32f3x0_spi.o
#        C:\GD32-projects\GD32330C-timer16\IAR_project\GD32F330\Obj\gd32f3x0_syscfg.o
#        C:\GD32-projects\GD32330C-timer16\IAR_project\GD32F330\Obj\gd32f3x0_timer.o
#        C:\GD32-projects\GD32330C-timer16\IAR_project\GD32F330\Obj\gd32f3x0_tsi.o
#        C:\GD32-projects\GD32330C-timer16\IAR_project\GD32F330\Obj\gd32f3x0_usart.o
#        C:\GD32-projects\GD32330C-timer16\IAR_project\GD32F330\Obj\gd32f3x0_wwdgt.o
#        C:\GD32-projects\GD32330C-timer16\IAR_project\GD32F330\Obj\main.o
#        C:\GD32-projects\GD32330C-timer16\IAR_project\GD32F330\Obj\startup_gd32f3x0.o
#        C:\GD32-projects\GD32330C-timer16\IAR_project\GD32F330\Obj\system_gd32f3x0.o
#        C:\GD32-projects\GD32330C-timer16\IAR_project\GD32F330\Obj\systick.o
#        C:\GD32-projects\GD32330C-timer16\IAR_project\GD32F330\Obj\Tmer16Pwm.o
#        --redirect _Printf=_PrintfSmall --redirect _Scanf=_ScanfSmall -o
#        C:\GD32-projects\GD32330C-timer16\IAR_project\GD32F330\Exe\Project.out
#        --map
#        C:\GD32-projects\GD32330C-timer16\IAR_project\GD32F330\List\Project.map
#        --config "C:\Program Files (x86)\IAR Systems\Embedded Workbench
#        7.5\arm\config\linker\GD\GD32F330x8.icf" --semihosting --entry
#        __iar_program_start --redirect __write=__write_buffered --vfe
#
###############################################################################

*******************************************************************************
*** RUNTIME MODEL ATTRIBUTES
***

CppFlavor                     = *
__Heap_Handler                = Basic
__SystemLibrary               = DLib
__dlib_dynamic_initialization = normal


*******************************************************************************
*** PLACEMENT SUMMARY
***

"A0":  place at 0x08000000 { ro section .intvec };
"P1":  place in [from 0x08000000 to 0x0800ffff] { ro };
"P2":  place in [from 0x20000000 to 0x20001fff] { rw, block CSTACK, block HEAP };
initialize by copy { rw };

  Section             Kind        Address    Size  Object
  -------             ----        -------    ----  ------
"A0":                                       0x150
  .intvec             ro code  0x08000000   0x150  startup_gd32f3x0.o [1]
                             - 0x08000150   0x150

"P1":                                      0x330e
  .text               ro code  0x08000150   0x7c4  xprintfsmall.o [3]
  .text               ro code  0x08000914    0x20  xmbtowc.o [3]
  .text               ro code  0x08000934    0x16  strchr.o [5]
  .text               ro code  0x0800094c    0x36  strlen.o [5]
  .text               ro code  0x08000984    0x58  memchr.o [5]
  .text               ro code  0x080009dc     0xa  xmbcurmax.o [3]
  .text               ro code  0x080009e8    0xb0  xxmemxmalloc.o [3]
  .text               ro code  0x08000a98    0x1a  xwctomb.o [3]
  .text               ro code  0x08000ab4    0x76  ABImemcpy_unaligned.o [5]
  .text               ro code  0x08000b2c    0x80  xxmemxfree.o [3]
  .text               ro code  0x08000bac    0x14  setlocale.o [3]
  .text               ro code  0x08000bc0    0x60  xencoding_sb.o [3]
  .text               ro code  0x08000c20    0x2c  xgetmemchunk.o [3]
  .text               ro code  0x08000c4c     0x2  xtls.o [3]
  .text               ro code  0x08000c50   0x726  gd32f3x0_timer.o [1]
  .text               ro code  0x08001378   0x4a0  gd32f3x0_rcu.o [1]
  .text               ro code  0x08001818   0x34c  gd32f3x0_adc.o [1]
  .text               ro code  0x08001b64   0x2f0  system_gd32f3x0.o [1]
  .text               ro code  0x08001e54    0xc4  gd32f3x0_misc.o [1]
  .text               ro code  0x08001f18   0x268  main.o [1]
  .text               ro code  0x08002180   0x184  gd32f3x0_gpio.o [1]
  .text               ro code  0x08002304    0x60  delay_uSec.o [1]
  .text               ro code  0x08002364   0x20c  gd32330c-start.o [1]
  .text               ro code  0x08002570    0xc4  systick.o [1]
  .text               ro code  0x08002634    0xfc  Tmer16Pwm.o [1]
  .text               ro code  0x08002730    0x24  printf.o [3]
  .text               ro code  0x08002754    0xb4  gd32f3x0_syscfg.o [1]
  .text               ro code  0x08002808    0xc0  gd32f3x0_exti.o [1]
  .text               ro code  0x080028c8    0xe8  gd32f3x0_usart.o [1]
  .text               ro code  0x080029b0    0xd6  xfspos.o [3]
  .text               ro code  0x08002a88    0xb0  fflush.o [3]
  .text               ro code  0x08002b38     0xc  xfgpos.o [3]
  .text               ro code  0x08002b44    0x4c  lseek.o [6]
  .text               ro code  0x08002b90     0xc  errno.o [3]
  .text               ro code  0x08002b9c     0x4  xsyslock_nop.o [3]
  .text               ro code  0x08002ba0    0xc0  xxwritebuffered.o [3]
  .text               ro code  0x08002c60    0xcc  XShHandles.o [3]
  .text               ro code  0x08002d2c    0x1e  dwrite.o [6]
  .text               ro code  0x08002d4a    0x20  iarwstd.o [6]
  .text               ro code  0x08002d6a    0x22  iarwrite.o [6]
  .text               ro code  0x08002d8c    0x6c  iarttio.o [6]
  .text               ro code  0x08002df8     0x8  XShttio.o [3]
  .text               ro code  0x08002e00    0xb8  xfwprep.o [3]
  .text               ro code  0x08002eb8    0x22  fseek.o [3]
  .text               ro code  0x08002edc    0x80  xfofind.o [3]
  .text               ro code  0x08002f5c    0x7a  fclose.o [3]
  .text               ro code  0x08002fd6    0x1a  close.o [6]
  .text               ro code  0x08002ff0    0x16  remove.o [6]
  .text               ro code  0x08003006    0x78  lz77_init_single.o [5]
  .text               ro code  0x08003080    0x58  xcloseall.o [3]
  .text               ro code  0x080030d8    0x56  fputc.o [3]
  .text               ro code  0x0800312e    0x40  zero_init3.o [5]
  .text               ro code  0x08003170    0x2c  gd32f3x0_it.o [1]
  .text               ro code  0x0800319c    0x28  data_init.o [5]
  .text               ro code  0x080031c4    0x22  fpinit_M.o [4]
  .iar.init_table     const    0x080031e8    0x20  - Linker created -
  .text               ro code  0x08003208    0x1a  cmain.o [5]
  .text               ro code  0x08003222     0x4  low_level_init.o [3]
  .text               ro code  0x08003226     0x4  exit.o [3]
  .text               ro code  0x0800322c     0xe  cexit.o [5]
  .text               ro code  0x0800323c    0x14  exit.o [6]
  .rodata             const    0x08003250    0x18  main.o [1]
  .text               ro code  0x08003268    0x16  xprout.o [3]
  .text               ro code  0x08003280     0xc  putchar.o [3]
  .rodata             const    0x0800328c    0x14  main.o [1]
  .rodata             const    0x080032a0    0x14  main.o [1]
  .rodata             const    0x080032b4    0x14  main.o [1]
  .rodata             const    0x080032c8    0x14  main.o [1]
  .rodata             const    0x080032dc    0x14  main.o [1]
  .rodata             const    0x080032f0    0x14  main.o [1]
  .rodata             const    0x08003304    0x10  gd32f3x0_rcu.o [1]
  .text               ro code  0x08003314    0x10  startup_gd32f3x0.o [1]
  .text               ro code  0x08003324     0xc  cstartup_M.o [5]
  .rodata             const    0x08003330     0x8  gd32f3x0_rcu.o [1]
  .rodata             const    0x08003338     0x8  gd32f3x0_rcu.o [1]
  .text               ro code  0x08003340     0x4  startup_gd32f3x0.o [1]
  .text               ro code  0x08003344     0x4  startup_gd32f3x0.o [1]
  .text               ro code  0x08003348     0x4  startup_gd32f3x0.o [1]
  .text               ro code  0x0800334c     0x4  startup_gd32f3x0.o [1]
  .text               ro code  0x08003350     0x4  startup_gd32f3x0.o [1]
  .text               ro code  0x08003354     0x4  startup_gd32f3x0.o [1]
  .text               ro code  0x08003358     0x4  startup_gd32f3x0.o [1]
  .text               ro code  0x0800335c     0x4  startup_gd32f3x0.o [1]
  .text               ro code  0x08003360     0x4  startup_gd32f3x0.o [1]
  .text               ro code  0x08003364     0x4  startup_gd32f3x0.o [1]
  .text               ro code  0x08003368     0x4  startup_gd32f3x0.o [1]
  .text               ro code  0x0800336c     0x4  startup_gd32f3x0.o [1]
  .text               ro code  0x08003370     0x4  startup_gd32f3x0.o [1]
  .text               ro code  0x08003374     0x4  startup_gd32f3x0.o [1]
  .text               ro code  0x08003378     0x4  startup_gd32f3x0.o [1]
  .text               ro code  0x0800337c     0x4  startup_gd32f3x0.o [1]
  .text               ro code  0x08003380     0x4  startup_gd32f3x0.o [1]
  .text               ro code  0x08003384     0x4  startup_gd32f3x0.o [1]
  .text               ro code  0x08003388     0x4  startup_gd32f3x0.o [1]
  .text               ro code  0x0800338c     0x4  startup_gd32f3x0.o [1]
  .text               ro code  0x08003390     0x4  startup_gd32f3x0.o [1]
  .text               ro code  0x08003394     0x4  startup_gd32f3x0.o [1]
  .text               ro code  0x08003398     0x4  startup_gd32f3x0.o [1]
  .text               ro code  0x0800339c     0x4  startup_gd32f3x0.o [1]
  .text               ro code  0x080033a0     0x4  startup_gd32f3x0.o [1]
  .text               ro code  0x080033a4     0x4  startup_gd32f3x0.o [1]
  .text               ro code  0x080033a8     0x4  startup_gd32f3x0.o [1]
  .text               ro code  0x080033ac     0x4  startup_gd32f3x0.o [1]
  .text               ro code  0x080033b0     0x4  startup_gd32f3x0.o [1]
  .text               ro code  0x080033b4     0x4  startup_gd32f3x0.o [1]
  .text               ro code  0x080033b8     0x4  startup_gd32f3x0.o [1]
  .text               ro code  0x080033bc     0x4  startup_gd32f3x0.o [1]
  .text               ro code  0x080033c0     0x4  startup_gd32f3x0.o [1]
  .text               ro code  0x080033c4     0x4  startup_gd32f3x0.o [1]
  .text               ro code  0x080033c8     0x0  cstart_closeall.o [5]
  .rodata             const    0x080033c8     0x0  zero_init3.o [5]
  .rodata             const    0x080033c8     0x0  lz77_init_single.o [5]
  Initializer bytes   const    0x080033c8    0x96  <for P2-1>
                             - 0x0800345e  0x330e

"P2", part 1 of 3:                          0x1d0
  P2-1                         0x20000000   0x1d0  <Init block>
    .data             inited   0x20000000    0x10  gd32330c-start.o [1]
    .data             inited   0x20000010    0x10  gd32330c-start.o [1]
    .data             inited   0x20000020     0x4  gd32330c-start.o [1]
    .data             inited   0x20000024     0x4  gd32330c-start.o [1]
    .data             inited   0x20000028     0x8  gd32330c-start.o [1]
    .data             inited   0x20000030     0xc  gd32330c-start.o [1]
    .data             inited   0x2000003c     0xc  gd32330c-start.o [1]
    .data             inited   0x20000048     0x8  gd32330c-start.o [1]
    .data             inited   0x20000050     0xc  gd32330c-start.o [1]
    .data             inited   0x2000005c     0x4  gd32330c-start.o [1]
    .data             inited   0x20000060     0x4  gd32330c-start.o [1]
    .data             inited   0x20000064     0x4  gd32330c-start.o [1]
    .data             inited   0x20000068     0x4  system_gd32f3x0.o [1]
    .data             inited   0x2000006c    0x40  xfiles.o [3]
    .data             inited   0x200000ac    0x40  xfiles.o [3]
    .data             inited   0x200000ec    0x40  xfiles.o [3]
    .data             inited   0x2000012c    0x20  xfiles.o [3]
    .data             inited   0x2000014c     0x8  XShttio.o [3]
    __DLIB_PERTHREAD  inited   0x20000154    0x74  setlocale.o [3]
    __DLIB_PERTHREAD  inited   0x200001c8     0x4  errno.o [3]
    .data             inited   0x200001cc     0x2  gd32330c-start.o [1]
    .data             inited   0x200001ce     0x2  main.o [1]
                             - 0x200001d0   0x1d0

"P2", part 2 of 3:                         0x1000
  CSTACK                       0x200001d0   0x800  <Block>
    CSTACK            uninit   0x200001d0   0x800  <Block tail>
  HEAP                         0x200009d0   0x800  <Block>
    HEAP              uninit   0x200009d0   0x800  <Block tail>
                             - 0x200011d0  0x1000

"P2", part 3 of 3:                          0x19c
  .bss                zero     0x200011d0    0x80  XShHandles.o [3]
  .bss                zero     0x20001250    0x54  xxwritebuffered.o [3]
  .bss                zero     0x200012a4    0x50  xfiles.o [3]
  .bss                zero     0x200012f4    0x50  xfiles.o [3]
  .bss                zero     0x20001344     0x8  xxmemxmalloc.o [3]
  .bss                zero     0x2000134c     0x4  main.o [1]
  .bss                zero     0x20001350     0x4  main.o [1]
  .bss                zero     0x20001354     0x4  main.o [1]
  .bss                zero     0x20001358     0x4  main.o [1]
  .bss                zero     0x2000135c     0x4  main.o [1]
  .bss                zero     0x20001360     0x4  systick.o [1]
  .bss                zero     0x20001364     0x4  xgetmemchunk.o [3]
  .bss                zero     0x20001368     0x2  main.o [1]
  .bss                zero     0x2000136a     0x1  main.o [1]
  .bss                zero     0x2000136b     0x1  systick.o [1]
                             - 0x2000136c   0x19c


*******************************************************************************
*** INIT TABLE
***

          Address     Size
          -------     ----
Zero (__iar_zero_init3)
    1 destination range, total size 0x19c:
          0x200011d0  0x19c

Copy/lz77 (__iar_lz77_init_single3)
    1 source range, total size 0x96 (32% of destination):
          0x080033c8   0x96
    1 destination range, total size 0x1d0:
          0x20000000  0x1d0



*******************************************************************************
*** MODULE SUMMARY
***

    Module                 ro code  ro data  rw data
    ------                 -------  -------  -------
C:\GD32-projects\GD32330C-timer16\IAR_project\GD32F330\Obj: [1]
    Tmer16Pwm.o                252
    delay_uSec.o                96
    gd32330c-start.o           524       34      106
    gd32f3x0_adc.o             844
    gd32f3x0_exti.o            192
    gd32f3x0_gpio.o            388
    gd32f3x0_it.o               44
    gd32f3x0_misc.o            196
    gd32f3x0_rcu.o           1 184       32
    gd32f3x0_syscfg.o          180
    gd32f3x0_timer.o         1 830
    gd32f3x0_usart.o           232
    main.o                     616      145       25
    startup_gd32f3x0.o         488
    system_gd32f3x0.o          752        1        4
    systick.o                  196                 5
    ------------------------------------------------
    Total:                   8 014      212      140

command line: [2]
    ------------------------------------------------
    Total:

dl7M_tlf.a: [3]
    XShHandles.o               204               128
    XShttio.o                    8        2        8
    errno.o                     12        1        4
    exit.o                       4
    fclose.o                   122
    fflush.o                   176
    fputc.o                     86
    fseek.o                     34
    low_level_init.o             4
    printf.o                    36
    putchar.o                   12
    setlocale.o                 20       38      116
    xcloseall.o                 88
    xencoding_sb.o              96
    xfgpos.o                    12
    xfiles.o                             73      384
    xfofind.o                  128
    xfspos.o                   214
    xfwprep.o                  184
    xgetmemchunk.o              44                 4
    xmbcurmax.o                 10
    xmbtowc.o                   32
    xprintfsmall.o           1 988
    xprout.o                    22
    xsyslock_nop.o               4
    xtls.o                       2
    xwctomb.o                   26
    xxmemxfree.o               128
    xxmemxmalloc.o             176                 8
    xxwritebuffered.o          192                84
    ------------------------------------------------
    Total:                   4 064      114      736

m7M_tls.a: [4]
    fpinit_M.o                  34
    ------------------------------------------------
    Total:                      34

rt7M_tl.a: [5]
    ABImemcpy_unaligned.o      118
    cexit.o                     14
    cmain.o                     26
    cstart_closeall.o
    cstartup_M.o                12
    data_init.o                 40
    lz77_init_single.o         120
    memchr.o                    88
    strchr.o                    22
    strlen.o                    54
    zero_init3.o                64
    ------------------------------------------------
    Total:                     558

shb_l.a: [6]
    close.o                     26
    dwrite.o                    30
    exit.o                      20
    iarttio.o                  108
    iarwrite.o                  34
    iarwstd.o                   32
    lseek.o                     76
    remove.o                    22
    ------------------------------------------------
    Total:                     348

    Gaps                        28        2
    Linker created                       32    4 096
----------------------------------------------------
    Grand Total:            13 046      360    4 972


*******************************************************************************
*** ENTRY LIST
***

Entry                      Address   Size  Type      Object
-----                      -------   ----  ----      ------
.iar.init_table$$Base   0x080031e8          --   Gb  - Linker created -
.iar.init_table$$Limit  0x08003208          --   Gb  - Linker created -
?main                   0x08003209         Code  Gb  cmain.o [5]
BusFault_Handler        0x08003177    0x2  Code  Gb  gd32f3x0_it.o [1]
COM_CLK                 0x200001cc    0x2  Data  Lc  gd32330c-start.o [1]
COM_RX_PIN              0x20000024    0x4  Data  Lc  gd32330c-start.o [1]
COM_TX_PIN              0x20000020    0x4  Data  Lc  gd32330c-start.o [1]
CSTACK$$Base            0x200001d0          --   Gb  - Linker created -
CSTACK$$Limit           0x200009d0          --   Gb  - Linker created -
DebugMon_Handler        0x0800317d    0x2  Code  Gb  gd32f3x0_it.o [1]
GPIO_CLK                0x20000028    0x8  Data  Lc  gd32330c-start.o [1]
GPIO_PIN                0x20000010   0x10  Data  Lc  gd32330c-start.o [1]
GPIO_PORT               0x20000000   0x10  Data  Lc  gd32330c-start.o [1]
HEAP$$Base              0x200009d0          --   Gb  - Linker created -
HEAP$$Limit             0x200011d0          --   Gb  - Linker created -
HardFault_Handler       0x08003173    0x2  Code  Gb  gd32f3x0_it.o [1]
InitTimer16Pwm          0x08002635   0xce  Code  Gb  Tmer16Pwm.o [1]
KEY_CLK                 0x20000048    0x8  Data  Lc  gd32330c-start.o [1]
KEY_EXTI_LINE           0x20000050    0xc  Data  Lc  gd32330c-start.o [1]
KEY_IRQn                0x20000064    0x4  Data  Lc  gd32330c-start.o [1]
KEY_PIN                 0x2000003c    0xc  Data  Lc  gd32330c-start.o [1]
KEY_PIN_SOURCE          0x20000060    0x4  Data  Lc  gd32330c-start.o [1]
KEY_PORT                0x20000030    0xc  Data  Lc  gd32330c-start.o [1]
KEY_PORT_SOURCE         0x2000005c    0x4  Data  Lc  gd32330c-start.o [1]
LoadInt                 0x08000581   0x4c  Code  Lc  xprintfsmall.o [3]
MemManage_Handler       0x08003175    0x2  Code  Gb  gd32f3x0_it.o [1]
NMI_Handler             0x08003171    0x2  Code  Gb  gd32f3x0_it.o [1]
NVIC_SetPriority        0x08002571   0x22  Code  Lc  systick.o [1]
PWM_On                  0x08002713   0x14  Code  Gb  Tmer16Pwm.o [1]
PendSV_Handler          0x0800317f    0x2  Code  Gb  gd32f3x0_it.o [1]
Region$$Table$$Base     0x080031e8          --   Gb  - Linker created -
Region$$Table$$Limit    0x08003208          --   Gb  - Linker created -
SVC_Handler             0x0800317b    0x2  Code  Gb  gd32f3x0_it.o [1]
SetDutyCycle            0x08002703   0x10  Code  Gb  Tmer16Pwm.o [1]
Sleep                   0x08001f19   0x1a  Code  Gb  main.o [1]
Sleep::lastSystick      0x20001358    0x4  Data  Lc  main.o [1]
SysTickCounter          0x2000134c    0x4  Data  Gb  main.o [1]
SysTick_Config          0x08002593   0x2e  Code  Lc  systick.o [1]
SysTick_Handler         0x08003181   0x16  Code  Gb  gd32f3x0_it.o [1]
SystemCoreClock         0x20000068    0x4  Data  Gb  system_gd32f3x0.o [1]
SystemInit              0x08001b65  0x1c0  Code  Gb  system_gd32f3x0.o [1]
UsageFault_Handler      0x08003179    0x2  Code  Gb  gd32f3x0_it.o [1]
_Close_all              0x08003081   0x58  Code  Gb  xcloseall.o [3]
_EncodingSb_Mbtowc      0x08000bdb   0x30  Code  Gb  xencoding_sb.o [3]
_EncodingSb_Mbtowc::initial
                        0x08000c18    0x8  Data  Lc  xencoding_sb.o [3]
_EncodingSb_Wctomb      0x08000bc1   0x1a  Code  Gb  xencoding_sb.o [3]
_EncodingSb_Wctomb::initial
                        0x08000c10    0x8  Data  Lc  xencoding_sb.o [3]
_Files                  0x2000012c   0x20  Data  Gb  xfiles.o [3]
_Fofree                 0x08002edd   0x78  Code  Gb  xfofind.o [3]
_Fspos                  0x080029b1   0xd6  Code  Gb  xfspos.o [3]
_Fwprep                 0x08002e01   0xb8  Code  Gb  xfwprep.o [3]
_IsdstStr               0x20000158    0x4  Data  Gb  setlocale.o [3]
_LitobSmall             0x080007ff   0xce  Code  Lc  xprintfsmall.o [3]
_LocaleEncoding         0x08000bad    0xe  Code  Gb  setlocale.o [3]
_LocaleReturnString     0x20000178   0x50  Data  Lc  setlocale.o [3]
_Locale_Profile         0x2000015c   0x1c  Data  Gb  setlocale.o [3]
_Mbtowc                 0x08000915   0x20  Code  Gb  xmbtowc.o [3]
_Nnl                    0x08002b39    0xc  Code  Gb  xfgpos.o [3]
_PrintfSmall            0x08000151  0x430  Code  Gb  xprintfsmall.o [3]
_Prout                  0x08003269   0x16  Code  Gb  xprout.o [3]
_PutcharsSmall          0x080008cd   0x2e  Code  Lc  xprintfsmall.o [3]
_PutstrSmall            0x080005cd  0x228  Code  Lc  xprintfsmall.o [3]
_TzoneStr               0x20000154    0x4  Data  Gb  setlocale.o [3]
_Wctomb                 0x08000a99   0x1a  Code  Gb  xwctomb.o [3]
__ICFEDIT_region_RAM_end__ {Abs}
                        0x20001fff         Data  Gb  command line/config [2]
__ICFEDIT_region_RAM_start__ {Abs}
                        0x20000000         Data  Gb  command line/config [2]
__aeabi_errno_addr      0x08002b91    0x6  Code  Gb  errno.o [3]
__cexit_closeall        0x0800322f         Code  Gb  cexit.o [5]
__close                 0x08002fd7   0x1a  Code  Gb  close.o [6]
__cmain                 0x08003209         Code  Gb  cmain.o [5]
__cstart_closeall       0x080033c8         Data  Gb  cstart_closeall.o [5]
__data_Aldata           0x20001344    0x8  Data  Gb  xxmemxmalloc.o [3]
__data_GetMemChunk      0x08000c21   0x2c  Code  Gb  xgetmemchunk.o [3]
__data_GetMemChunk::start
                        0x20001364    0x4  Data  Lc  xgetmemchunk.o [3]
__dwrite                0x08002d2d   0x1e  Code  Gb  dwrite.o [6]
__exit                  0x0800323d   0x14  Code  Gb  exit.o [6]
__iar_Errno             0x200001c8    0x4  Data  Gb  errno.o [3]
__iar_Lockfilelock      0x08002b9d    0x2  Code  Gb  xsyslock_nop.o [3]
__iar_Mbcurmax          0x080009dd    0xa  Code  Gb  xmbcurmax.o [3]
__iar_Memchr            0x08000985         Code  Gb  memchr.o [5]
__iar_Stderr            0x200000ec   0x40  Data  Gb  xfiles.o [3]
__iar_Stdin             0x2000006c   0x40  Data  Gb  xfiles.o [3]
__iar_Stdout            0x200000ac   0x40  Data  Gb  xfiles.o [3]
__iar_Strchr            0x08000935         Code  Gb  strchr.o [5]
__iar_Unlockfilelock    0x08002b9f    0x2  Code  Gb  xsyslock_nop.o [3]
__iar_close_ttio        0x08002d8d   0x2e  Code  Gb  iarttio.o [6]
__iar_data_init3        0x0800319d   0x28  Code  Gb  data_init.o [5]
__iar_dlib_perthread_access
                        0x08000c4d    0x2  Code  Gb  xtls.o [3]
__iar_get_ttio          0x08002dbd   0x38  Code  Gb  iarttio.o [6]
__iar_init_vfp          0x080031c5         Code  Gb  fpinit_M.o [4]
__iar_lookup_ttioh      0x08002df9    0x8  Code  Gb  XShttio.o [3]
__iar_lz77_init_single3
                        0x08003007   0x78  Code  Gb  lz77_init_single.o [5]
__iar_program_start     0x08003325         Code  Gb  cstartup_M.o [5]
__iar_sh_Discard        0x08002c61   0x3e  Code  Gb  XShHandles.o [3]
__iar_sh_Move           0x08002ca5   0x46  Code  Gb  XShHandles.o [3]
__iar_sh_Pos            0x08002ceb   0x3e  Code  Gb  XShHandles.o [3]
__iar_sh_stdout         0x08002d4b   0x20  Code  Gb  iarwstd.o [6]
__iar_sh_write          0x08002d6b   0x22  Code  Gb  iarwrite.o [6]
__iar_ttio_handles      0x2000014c    0x8  Data  Lc  XShttio.o [3]
__iar_unaligned___aeabi_memcpy
                        0x08000ab5         Code  Gb  ABImemcpy_unaligned.o [5]
__iar_unaligned___aeabi_memcpy4
                        0x08000ad5         Code  Gb  ABImemcpy_unaligned.o [5]
__iar_unaligned___aeabi_memcpy8
                        0x08000ad5         Code  Gb  ABImemcpy_unaligned.o [5]
__iar_zero_init3        0x0800312f   0x40  Code  Gb  zero_init3.o [5]
__low_level_init        0x08003223    0x4  Code  Gb  low_level_init.o [3]
__lseek                 0x08002b45   0x4c  Code  Gb  lseek.o [6]
__vector_table          0x08000000         Data  Gb  startup_gd32f3x0.o [1]
__write_buffered        0x08002ba1   0xc0  Code  Gb  xxwritebuffered.o [3]
_call_main              0x08003215         Code  Gb  cmain.o [5]
_exit                   0x0800322d         Code  Gb  cexit.o [5]
_main                   0x0800321f         Code  Gb  cmain.o [5]
acd_gpio_config         0x08001f4d   0x12  Code  Gb  main.o [1]
adcData                 0x20001368    0x2  Data  Gb  main.o [1]
adcEnd                  0x20001354    0x4  Data  Gb  main.o [1]
adcStart                0x20001350    0x4  Data  Gb  main.o [1]
adc_calibration_enable  0x08001835   0x36  Code  Gb  gd32f3x0_adc.o [1]
adc_channel_length_config
                        0x08001915   0x5e  Code  Gb  gd32f3x0_adc.o [1]
adc_config              0x08001f5f   0x48  Code  Gb  main.o [1]
adc_data_alignment_config
                        0x080018ed   0x28  Code  Gb  gd32f3x0_adc.o [1]
adc_enable              0x08001819   0x1c  Code  Gb  gd32f3x0_adc.o [1]
adc_external_trigger_config
                        0x08001a67   0x4c  Code  Gb  gd32f3x0_adc.o [1]
adc_external_trigger_source_config
                        0x08001ab3   0x3e  Code  Gb  gd32f3x0_adc.o [1]
adc_flag_clear          0x08001b2d    0xe  Code  Gb  gd32f3x0_adc.o [1]
adc_flag_get            0x08001b1b   0x12  Code  Gb  gd32f3x0_adc.o [1]
adc_regular_channel_config
                        0x08001973   0xf4  Code  Gb  gd32f3x0_adc.o [1]
adc_regular_data_read   0x08001b13    0x8  Code  Gb  gd32f3x0_adc.o [1]
adc_software_trigger_enable
                        0x08001af1   0x22  Code  Gb  gd32f3x0_adc.o [1]
adc_special_function_config
                        0x0800186b   0x82  Code  Gb  gd32f3x0_adc.o [1]
bTimerSet               0x2000136a    0x1  Data  Gb  main.o [1]
checkDelayRunning       0x080025f1    0x6  Code  Gb  systick.o [1]
delay                   0x20001360    0x4  Data  Lc  systick.o [1]
delayRunning            0x2000136b    0x1  Data  Lc  systick.o [1]
delay_decrement         0x080025f7   0x1c  Code  Gb  systick.o [1]
delay_uSec              0x08002305   0x60  Code  Gb  delay_uSec.o [1]
ebuf                    0x200012a4   0x50  Data  Lc  xfiles.o [3]
exit                    0x08003227    0x4  Code  Gb  exit.o [3]
exti_init               0x08002809   0xa4  Code  Gb  gd32f3x0_exti.o [1]
exti_interrupt_flag_clear
                        0x080028ad    0x6  Code  Gb  gd32f3x0_exti.o [1]
fclose                  0x08002f5d   0x7a  Code  Gb  fclose.o [3]
fflush                  0x08002aff   0x34  Code  Gb  fflush.o [3]
fflushOne               0x08002a89   0x76  Code  Lc  fflush.o [3]
fputc                   0x080030d9   0x56  Code  Gb  fputc.o [3]
free                    0x08000b2d   0x7a  Code  Gb  xxmemxfree.o [3]
fseek                   0x08002eb9   0x22  Code  Gb  fseek.o [3]
gd_eval_com_init        0x08002489   0xb0  Code  Gb  gd32330c-start.o [1]
gd_eval_key_init        0x080023fd   0x74  Code  Gb  gd32330c-start.o [1]
gd_eval_key_state_get   0x08002471   0x18  Code  Gb  gd32330c-start.o [1]
gd_eval_led_init        0x08002365   0x56  Code  Gb  gd32330c-start.o [1]
gd_eval_led_off         0x080023d1   0x16  Code  Gb  gd32330c-start.o [1]
gd_eval_led_on          0x080023bb   0x16  Code  Gb  gd32330c-start.o [1]
gd_eval_led_toggle      0x080023e7   0x16  Code  Gb  gd32330c-start.o [1]
gpio_af_set             0x0800228d   0x78  Code  Gb  gd32f3x0_gpio.o [1]
gpio_input_bit_get      0x0800227d   0x10  Code  Gb  gd32f3x0_gpio.o [1]
gpio_mode_set           0x08002181   0x64  Code  Gb  gd32f3x0_gpio.o [1]
gpio_output_options_set
                        0x080021e5   0x98  Code  Gb  gd32f3x0_gpio.o [1]
led_spark               0x08001fa7   0x38  Code  Gb  main.o [1]
led_spark::timingdelaylocal
                        0x2000135c    0x4  Data  Lc  main.o [1]
main                    0x08001fdf  0x15a  Code  Gb  main.o [1]
malloc                  0x080009e9   0xac  Code  Gb  xxmemxmalloc.o [3]
memchr                  0x08000985         Code  Gb  memchr.o [5]
nvic_irq_enable         0x08001e5f   0x94  Code  Gb  gd32f3x0_misc.o [1]
nvic_priority_group_set
                        0x08001e55    0xa  Code  Gb  gd32f3x0_misc.o [1]
nvic_vector_table_set   0x08001ef3    0xc  Code  Gb  gd32f3x0_misc.o [1]
obuf                    0x200012f4   0x50  Data  Lc  xfiles.o [3]
printf                  0x08002731   0x24  Code  Gb  printf.o [3]
putchar                 0x08003281    0xc  Code  Gb  putchar.o [3]
rcu_adc_clock_config    0x080013f1  0x1da  Code  Gb  gd32f3x0_rcu.o [1]
rcu_clock_freq_get      0x080015cb  0x21c  Code  Gb  gd32f3x0_rcu.o [1]
rcu_config              0x08001f33   0x1a  Code  Gb  main.o [1]
rcu_periph_clock_enable
                        0x08001379   0x28  Code  Gb  gd32f3x0_rcu.o [1]
rcu_periph_reset_disable
                        0x080013c9   0x28  Code  Gb  gd32f3x0_rcu.o [1]
rcu_periph_reset_enable
                        0x080013a1   0x28  Code  Gb  gd32f3x0_rcu.o [1]
remove                  0x08002ff1   0x16  Code  Gb  remove.o [6]
sFileInfo               0x200011d0   0x80  Data  Lc  XShHandles.o [3]
set_delay_1ms           0x080025e5    0xc  Code  Gb  systick.o [1]
store                   0x20001250   0x50  Data  Lc  xxwritebuffered.o [3]
storeLen                0x200012a0    0x4  Data  Lc  xxwritebuffered.o [3]
strchr                  0x08000935         Code  Gb  strchr.o [5]
strlen                  0x0800094d         Code  Gb  strlen.o [5]
syscfg_exti_line_config
                        0x08002755   0xa2  Code  Gb  gd32f3x0_syscfg.o [1]
system_clock_84m_hxtal  0x08001d2d   0xb2  Code  Lc  system_gd32f3x0.o [1]
system_clock_config     0x08001d25    0x8  Code  Lc  system_gd32f3x0.o [1]
systick_config          0x080025c1   0x24  Code  Gb  systick.o [1]
timer16PwmSetting       0x200001ce    0x2  Data  Gb  main.o [1]
timer_auto_reload_shadow_enable
                        0x08000ded    0xa  Code  Gb  gd32f3x0_timer.o [1]
timer_channel_output_config
                        0x08000e3d  0x330  Code  Gb  gd32f3x0_timer.o [1]
timer_channel_output_mode_config
                        0x08001189   0x98  Code  Gb  gd32f3x0_timer.o [1]
timer_channel_output_pulse_value_config
                        0x08001221   0x2c  Code  Gb  gd32f3x0_timer.o [1]
timer_channel_output_shadow_config
                        0x0800124d   0x98  Code  Gb  gd32f3x0_timer.o [1]
timer_channel_output_state_config
                        0x080012e5   0x92  Code  Gb  gd32f3x0_timer.o [1]
timer_channel_output_struct_para_init
                        0x08000e23   0x1a  Code  Gb  gd32f3x0_timer.o [1]
timer_counter_value_config
                        0x08000df7    0x6  Code  Gb  gd32f3x0_timer.o [1]
timer_deinit            0x08000c51   0xba  Code  Gb  gd32f3x0_timer.o [1]
timer_enable            0x08000de3    0xa  Code  Gb  gd32f3x0_timer.o [1]
timer_init              0x08000d27   0xbc  Code  Gb  gd32f3x0_timer.o [1]
timer_primary_output_config
                        0x08000dfd   0x26  Code  Gb  gd32f3x0_timer.o [1]
timer_struct_para_init  0x08000d0b   0x1c  Code  Gb  gd32f3x0_timer.o [1]
usart_baudrate_set      0x08002901   0x7c  Code  Gb  gd32f3x0_usart.o [1]
usart_deinit            0x080028c9   0x38  Code  Gb  gd32f3x0_usart.o [1]
usart_enable            0x0800297d    0xa  Code  Gb  gd32f3x0_usart.o [1]
usart_receive_config    0x08002997   0x10  Code  Gb  gd32f3x0_usart.o [1]
usart_transmit_config   0x08002987   0x10  Code  Gb  gd32f3x0_usart.o [1]


[1] = C:\GD32-projects\GD32330C-timer16\IAR_project\GD32F330\Obj
[2] = command line
[3] = dl7M_tlf.a
[4] = m7M_tls.a
[5] = rt7M_tl.a
[6] = shb_l.a

  13 046 bytes of readonly  code memory
     360 bytes of readonly  data memory
   4 972 bytes of readwrite data memory

Errors: none
Warnings: none
